{"ts":"2026-09-18T19:07:37.074Z","stage":"request_received","videoName":"Sex Education Added To Her Curriculum [xhMRade].mp4","start":"00:02:25","end":"00:05:52","playlistName":"Intro","safePlaylistName":"Intro"}
{"ts":"2026-09-18T19:07:37.076Z","stage":"parsed_times","startSeconds":145,"endSeconds":352,"start":"00:02:25","end":"00:05:52"}
{"ts":"2026-09-18T19:07:37.077Z","stage":"source_resolved","base":"Sex Education Added To Her Curriculum [xhMRade].mp4","full":"D:\\playlist-service\\videos\\Sex Education Added To Her Curriculum [xhMRade].mp4","exists":true}
{"ts":"2026-09-18T19:07:37.078Z","stage":"trim_started","outputName":"Sex Education Added To Her Curriculum [xhMRade] [trim 00-02-25_00-05-52].mp4","outputFull":"D:\\playlist-service\\videos\\Sex Education Added To Her Curriculum [xhMRade] [trim 00-02-25_00-05-52].mp4","ffmpeg":"C:\\Users\\Rick\\AppData\\Local\\Microsoft\\WinGet\\Packages\\yt-dlp.FFmpeg_Microsoft.Winget.Source_8wekyb3d8bbwe\\ffmpeg-N-125875-g5d4d3bdc61-win64-gpl\\bin\\ffmpeg.exe","startSeconds":145,"endSeconds":352}
{"ts":"2026-09-18T19:07:37.080Z","stage":"trim_target_ready","outputName":"Sex Education Added To Her Curriculum [xhMRade] [trim 00-02-25_00-05-52].mp4","outputFull":"D:\\playlist-service\\videos\\Sex Education Added To Her Curriculum [xhMRade] [trim 00-02-25_00-05-52].mp4","sourceUsable":true,"outputExists":false,"outputUsable":false}
{"ts":"2026-09-18T19:07:37.081Z","stage":"calling_ffmpeg","source":"D:\\playlist-service\\videos\\Sex Education Added To Her Curriculum [xhMRade].mp4","output":"D:\\playlist-service\\videos\\Sex Education Added To Her Curriculum [xhMRade] [trim 00-02-25_00-05-52].mp4","startSeconds":145,"endSeconds":352}
{"ts":"2026-09-18T19:07:57.966Z","stage":"post_trim_validation","outputFull":"D:\\playlist-service\\videos\\Sex Education Added To Her Curriculum [xhMRade] [trim 00-02-25_00-05-52].mp4","trimmedUsable":true,"outputExists":true,"outputSize":104483866}
{"ts":"2026-09-18T19:07:58.071Z","stage":"saved_to_favorites","playlistName":"Intro","outputName":"Sex Education Added To Her Curriculum [xhMRade] [trim 00-02-25_00-05-52].mp4","playlistItemsCount":1,"favoritesResponsePlaylists":["2026-07-15","First vids","TeenFidelity","2026-07-16-emily","me and Emily - 20260720","Emily-favs","em-favs","2026-07-31","shorts","preprocess","gangbang","bdsm","Intro"]}
{"ts":"2026-09-18T19:07:58.077Z","stage":"request_received","videoName":"Sex Education Added To Her Curriculum [xhMRade].mp4","start":"00:05:52","end":"00:15:16","playlistName":"Sex","safePlaylistName":"Sex"}
{"ts":"2026-09-18T19:07:58.078Z","stage":"parsed_times","startSeconds":352,"endSeconds":916,"start":"00:05:52","end":"00:15:16"}
{"ts":"2026-09-18T19:07:58.079Z","stage":"source_resolved","base":"Sex Education Added To Her Curriculum [xhMRade].mp4","full":"D:\\playlist-service\\videos\\Sex Education Added To Her Curriculum [xhMRade].mp4","exists":true}
{"ts":"2026-09-18T19:07:58.080Z","stage":"trim_started","outputName":"Sex Education Added To Her Curriculum [xhMRade] [trim 00-05-52_00-15-16].mp4","outputFull":"D:\\playlist-service\\videos\\Sex Education Added To Her Curriculum [xhMRade] [trim 00-05-52_00-15-16].mp4","ffmpeg":"C:\\Users\\Rick\\AppData\\Local\\Microsoft\\WinGet\\Packages\\yt-dlp.FFmpeg_Microsoft.Winget.Source_8wekyb3d8bbwe\\ffmpeg-N-125875-g5d4d3bdc61-win64-gpl\\bin\\ffmpeg.exe","startSeconds":352,"endSeconds":916}
{"ts":"2026-09-18T19:07:58.081Z","stage":"trim_target_ready","outputName":"Sex Education Added To Her Curriculum [xhMRade] [trim 00-05-52_00-15-16].mp4","outputFull":"D:\\playlist-service\\videos\\Sex Education Added To Her Curriculum [xhMRade] [trim 00-05-52_00-15-16].mp4","sourceUsable":true,"outputExists":false,"outputUsable":false}
{"ts":"2026-09-18T19:07:58.082Z","stage":"calling_ffmpeg","source":"D:\\playlist-service\\videos\\Sex Education Added To Her Curriculum [xhMRade].mp4","output":"D:\\playlist-service\\videos\\Sex Education Added To Her Curriculum [xhMRade] [trim 00-05-52_00-15-16].mp4","startSeconds":352,"endSeconds":916}
{"ts":"2026-09-18T19:08:56.307Z","stage":"post_trim_validation","outputFull":"D:\\playlist-service\\videos\\Sex Education Added To Her Curriculum [xhMRade] [trim 00-05-52_00-15-16].mp4","trimmedUsable":true,"outputExists":true,"outputSize":332182641}
{"ts":"2026-09-18T19:08:56.382Z","stage":"saved_to_favorites","playlistName":"Sex","outputName":"Sex Education Added To Her Curriculum [xhMRade] [trim 00-05-52_00-15-16].mp4","playlistItemsCount":1,"favoritesResponsePlaylists":["2026-07-15","First vids","TeenFidelity","2026-07-16-emily","me and Emily - 20260720","Emily-favs","em-favs","2026-07-31","shorts","preprocess","gangbang","bdsm","Intro","Sex"]}
{"ts":"2026-09-18T19:08:56.386Z","stage":"request_received","videoName":"Sex Education Added To Her Curriculum [xhMRade].mp4","start":"00:15:16","end":"00:18:26","playlistName":"Oral","safePlaylistName":"Oral"}
{"ts":"2026-09-18T19:08:56.387Z","stage":"parsed_times","startSeconds":916,"endSeconds":1106,"start":"00:15:16","end":"00:18:26"}
{"ts":"2026-09-18T19:08:56.387Z","stage":"source_resolved","base":"Sex Education Added To Her Curriculum [xhMRade].mp4","full":"D:\\playlist-service\\videos\\Sex Education Added To Her Curriculum [xhMRade].mp4","exists":true}
{"ts":"2026-09-18T19:08:56.389Z","stage":"trim_started","outputName":"Sex Education Added To Her Curriculum [xhMRade] [trim 00-15-16_00-18-26].mp4","outputFull":"D:\\playlist-service\\videos\\Sex Education Added To Her Curriculum [xhMRade] [trim 00-15-16_00-18-26].mp4","ffmpeg":"C:\\Users\\Rick\\AppData\\Local\\Microsoft\\WinGet\\Packages\\yt-dlp.FFmpeg_Microsoft.Winget.Source_8wekyb3d8bbwe\\ffmpeg-N-125875-g5d4d3bdc61-win64-gpl\\bin\\ffmpeg.exe","startSeconds":916,"endSeconds":1106}
{"ts":"2026-09-18T19:08:56.389Z","stage":"trim_target_ready","outputName":"Sex Education Added To Her Curriculum [xhMRade] [trim 00-15-16_00-18-26].mp4","outputFull":"D:\\playlist-service\\videos\\Sex Education Added To Her Curriculum [xhMRade] [trim 00-15-16_00-18-26].mp4","sourceUsable":true,"outputExists":false,"outputUsable":false}
{"ts":"2026-09-18T19:08:56.390Z","stage":"calling_ffmpeg","source":"D:\\playlist-service\\videos\\Sex Education Added To Her Curriculum [xhMRade].mp4","output":"D:\\playlist-service\\videos\\Sex Education Added To Her Curriculum [xhMRade] [trim 00-15-16_00-18-26].mp4","startSeconds":916,"endSeconds":1106}
{"ts":"2026-09-18T19:09:16.272Z","stage":"post_trim_validation","outputFull":"D:\\playlist-service\\videos\\Sex Education Added To Her Curriculum [xhMRade] [trim 00-15-16_00-18-26].mp4","trimmedUsable":true,"outputExists":true,"outputSize":110841111}
{"ts":"2026-09-18T19:09:16.365Z","stage":"saved_to_favorites","playlistName":"Oral","outputName":"Sex Education Added To Her Curriculum [xhMRade] [trim 00-15-16_00-18-26].mp4","playlistItemsCount":1,"favoritesResponsePlaylists":["2026-07-15","First vids","TeenFidelity","2026-07-16-emily","me and Emily - 20260720","Emily-favs","em-favs","2026-07-31","shorts","preprocess","gangbang","bdsm","Intro","Sex","Oral"]}
{"ts":"2026-09-18T19:09:16.369Z","stage":"request_received","videoName":"Sex Education Added To Her Curriculum [xhMRade].mp4","start":"00:18:26","end":"00:22:44","playlistName":"Sex","safePlaylistName":"Sex"}
{"ts":"2026-09-18T19:09:16.370Z","stage":"parsed_times","startSeconds":1106,"endSeconds":1364,"start":"00:18:26","end":"00:22:44"}
{"ts":"2026-09-18T19:09:16.370Z","stage":"source_resolved","base":"Sex Education Added To Her Curriculum [xhMRade].mp4","full":"D:\\playlist-service\\videos\\Sex Education Added To Her Curriculum [xhMRade].mp4","exists":true}
{"ts":"2026-09-18T19:09:16.371Z","stage":"trim_started","outputName":"Sex Education Added To Her Curriculum [xhMRade] [trim 00-18-26_00-22-44].mp4","outputFull":"D:\\playlist-service\\videos\\Sex Education Added To Her Curriculum [xhMRade] [trim 00-18-26_00-22-44].mp4","ffmpeg":"C:\\Users\\Rick\\AppData\\Local\\Microsoft\\WinGet\\Packages\\yt-dlp.FFmpeg_Microsoft.Winget.Source_8wekyb3d8bbwe\\ffmpeg-N-125875-g5d4d3bdc61-win64-gpl\\bin\\ffmpeg.exe","startSeconds":1106,"endSeconds":1364}
{"ts":"2026-09-18T19:09:16.372Z","stage":"trim_target_ready","outputName":"Sex Education Added To Her Curriculum [xhMRade] [trim 00-18-26_00-22-44].mp4","outputFull":"D:\\playlist-service\\videos\\Sex Education Added To Her Curriculum [xhMRade] [trim 00-18-26_00-22-44].mp4","sourceUsable":true,"outputExists":false,"outputUsable":false}
{"ts":"2026-09-18T19:09:16.373Z","stage":"calling_ffmpeg","source":"D:\\playlist-service\\videos\\Sex Education Added To Her Curriculum [xhMRade].mp4","output":"D:\\playlist-service\\videos\\Sex Education Added To Her Curriculum [xhMRade] [trim 00-18-26_00-22-44].mp4","startSeconds":1106,"endSeconds":1364}
{"ts":"2026-09-18T19:09:43.289Z","stage":"post_trim_validation","outputFull":"D:\\playlist-service\\videos\\Sex Education Added To Her Curriculum [xhMRade] [trim 00-18-26_00-22-44].mp4","trimmedUsable":true,"outputExists":true,"outputSize":141586312}
{"ts":"2026-09-18T19:09:43.386Z","stage":"saved_to_favorites","playlistName":"Sex","outputName":"Sex Education Added To Her Curriculum [xhMRade] [trim 00-18-26_00-22-44].mp4","playlistItemsCount":2,"favoritesResponsePlaylists":["2026-07-15","First vids","TeenFidelity","2026-07-16-emily","me and Emily - 20260720","Emily-favs","em-favs","2026-07-31","shorts","preprocess","gangbang","bdsm","Intro","Sex","Oral"]}
{"ts":"2026-09-18T19:09:43.390Z","stage":"request_received","videoName":"Sex Education Added To Her Curriculum [xhMRade].mp4","start":"00:22:45","end":"0026:37","playlistName":"Oral","safePlaylistName":"Oral"}
{"ts":"2026-09-18T19:09:43.391Z","stage":"parsed_times","startSeconds":1365,"endSeconds":1597,"start":"00:22:45","end":"0026:37"}
{"ts":"2026-09-18T19:09:43.391Z","stage":"source_resolved","base":"Sex Education Added To Her Curriculum [xhMRade].mp4","full":"D:\\playlist-service\\videos\\Sex Education Added To Her Curriculum [xhMRade].mp4","exists":true}
{"ts":"2026-09-18T19:09:43.393Z","stage":"trim_started","outputName":"Sex Education Added To Her Curriculum [xhMRade] [trim 00-22-45_00-26-37].mp4","outputFull":"D:\\playlist-service\\videos\\Sex Education Added To Her Curriculum [xhMRade] [trim 00-22-45_00-26-37].mp4","ffmpeg":"C:\\Users\\Rick\\AppData\\Local\\Microsoft\\WinGet\\Packages\\yt-dlp.FFmpeg_Microsoft.Winget.Source_8wekyb3d8bbwe\\ffmpeg-N-125875-g5d4d3bdc61-win64-gpl\\bin\\ffmpeg.exe","startSeconds":1365,"endSeconds":1597}
{"ts":"2026-09-18T19:09:43.394Z","stage":"trim_target_ready","outputName":"Sex Education Added To Her Curriculum [xhMRade] [trim 00-22-45_00-26-37].mp4","outputFull":"D:\\playlist-service\\videos\\Sex Education Added To Her Curriculum [xhMRade] [trim 00-22-45_00-26-37].mp4","sourceUsable":true,"outputExists":false,"outputUsable":false}
{"ts":"2026-09-18T19:09:43.394Z","stage":"calling_ffmpeg","source":"D:\\playlist-service\\videos\\Sex Education Added To Her Curriculum [xhMRade].mp4","output":"D:\\playlist-service\\videos\\Sex Education Added To Her Curriculum [xhMRade] [trim 00-22-45_00-26-37].mp4","startSeconds":1365,"endSeconds":1597}
{"ts":"2026-09-18T19:10:08.690Z","stage":"post_trim_validation","outputFull":"D:\\playlist-service\\videos\\Sex Education Added To Her Curriculum [xhMRade] [trim 00-22-45_00-26-37].mp4","trimmedUsable":true,"outputExists":true,"outputSize":135937077}
{"ts":"2026-09-18T19:10:08.781Z","stage":"saved_to_favorites","playlistName":"Oral","outputName":"Sex Education Added To Her Curriculum [xhMRade] [trim 00-22-45_00-26-37].mp4","playlistItemsCount":2,"favoritesResponsePlaylists":["2026-07-15","First vids","TeenFidelity","2026-07-16-emily","me and Emily - 20260720","Emily-favs","em-favs","2026-07-31","shorts","preprocess","gangbang","bdsm","Intro","Sex","Oral"]}
{"ts":"2026-09-18T19:10:08.785Z","stage":"request_received","videoName":"Sex Education Added To Her Curriculum [xhMRade].mp4","start":"0026:38","end":"00:27:40","playlistName":"Finish","safePlaylistName":"Finish"}
{"ts":"2026-09-18T19:10:08.786Z","stage":"parsed_times","startSeconds":1598,"endSeconds":1660,"start":"0026:38","end":"00:27:40"}
{"ts":"2026-09-18T19:10:08.787Z","stage":"source_resolved","base":"Sex Education Added To Her Curriculum [xhMRade].mp4","full":"D:\\playlist-service\\videos\\Sex Education Added To Her Curriculum [xhMRade].mp4","exists":true}
{"ts":"2026-09-18T19:10:08.788Z","stage":"trim_started","outputName":"Sex Education Added To Her Curriculum [xhMRade] [trim 00-26-38_00-27-40].mp4","outputFull":"D:\\playlist-service\\videos\\Sex Education Added To Her Curriculum [xhMRade] [trim 00-26-38_00-27-40].mp4","ffmpeg":"C:\\Users\\Rick\\AppData\\Local\\Microsoft\\WinGet\\Packages\\yt-dlp.FFmpeg_Microsoft.Winget.Source_8wekyb3d8bbwe\\ffmpeg-N-125875-g5d4d3bdc61-win64-gpl\\bin\\ffmpeg.exe","startSeconds":1598,"endSeconds":1660}
{"ts":"2026-09-18T19:10:08.788Z","stage":"trim_target_ready","outputName":"Sex Education Added To Her Curriculum [xhMRade] [trim 00-26-38_00-27-40].mp4","outputFull":"D:\\playlist-service\\videos\\Sex Education Added To Her Curriculum [xhMRade] [trim 00-26-38_00-27-40].mp4","sourceUsable":true,"outputExists":false,"outputUsable":false}
{"ts":"2026-09-18T19:10:08.789Z","stage":"calling_ffmpeg","source":"D:\\playlist-service\\videos\\Sex Education Added To Her Curriculum [xhMRade].mp4","output":"D:\\playlist-service\\videos\\Sex Education Added To Her Curriculum [xhMRade] [trim 00-26-38_00-27-40].mp4","startSeconds":1598,"endSeconds":1660}
{"ts":"2026-09-18T19:10:15.759Z","stage":"post_trim_validation","outputFull":"D:\\playlist-service\\videos\\Sex Education Added To Her Curriculum [xhMRade] [trim 00-26-38_00-27-40].mp4","trimmedUsable":true,"outputExists":true,"outputSize":30367929}
{"ts":"2026-09-18T19:10:15.847Z","stage":"saved_to_favorites","playlistName":"Finish","outputName":"Sex Education Added To Her Curriculum [xhMRade] [trim 00-26-38_00-27-40].mp4","playlistItemsCount":1,"favoritesResponsePlaylists":["2026-07-15","First vids","TeenFidelity","2026-07-16-emily","me and Emily - 20260720","Emily-favs","em-favs","2026-07-31","shorts","preprocess","gangbang","bdsm","Intro","Sex","Oral","Finish"]}
{"ts":"2026-09-18T19:23:45.982Z","stage":"mix_segment_started","segmentIndex":0,"videoName":"Sex Education Added To Her Curriculum [xhMRade] [trim 00-05-52_00-15-16].mp4","start":0,"end":568.021333,"duration":568.021333,"timeoutMinutes":76,"output":"D:\\playlist-service\\videos\\stitch-2026-09-18_15-23-45.part-0-43148-1789759425981.mp4"}
{"ts":"2026-09-18T19:25:22.801Z","stage":"mix_segment_finished","segmentIndex":0,"output":"D:\\playlist-service\\videos\\stitch-2026-09-18_15-23-45.part-0-43148-1789759425981.mp4","outputSize":169029737}
{"ts":"2026-09-18T19:25:22.802Z","stage":"mix_segment_started","segmentIndex":1,"videoName":"Sex Education Added To Her Curriculum [xhMRade] [trim 00-18-26_00-22-44].mp4","start":0,"end":260.010667,"duration":260.010667,"timeoutMinutes":35,"output":"D:\\playlist-service\\videos\\stitch-2026-09-18_15-23-45.part-1-43148-1789759425981.mp4"}
{"ts":"2026-09-18T19:26:05.218Z","stage":"mix_segment_finished","segmentIndex":1,"output":"D:\\playlist-service\\videos\\stitch-2026-09-18_15-23-45.part-1-43148-1789759425981.mp4","outputSize":73108323}
{"ts":"2026-09-18T19:26:05.218Z","stage":"mix_segment_started","segmentIndex":2,"videoName":"Sex Education Added To Her Curriculum [xhMRade] [trim 00-26-38_00-27-40].mp4","start":0,"end":64.021333,"duration":64.021333,"timeoutMinutes":9,"output":"D:\\playlist-service\\videos\\stitch-2026-09-18_15-23-45.part-2-43148-1789759425981.mp4"}
{"ts":"2026-09-18T19:26:15.942Z","stage":"mix_segment_finished","segmentIndex":2,"output":"D:\\playlist-service\\videos\\stitch-2026-09-18_15-23-45.part-2-43148-1789759425981.mp4","outputSize":17512766}
{"ts":"2026-09-18T19:26:15.943Z","stage":"mix_concat_started","segmentCount":3,"output":"D:\\playlist-service\\videos\\stitch-2026-09-18_15-23-45.tmp-43148-1789759425981.mp4"}
{"ts":"2026-09-18T19:26:16.883Z","stage":"mix_concat_finished","output":"D:\\playlist-service\\videos\\stitch-2026-09-18_15-23-45.tmp-43148-1789759425981.mp4","outputSize":259652722}
{"ts":"2026-09-18T20:30:49.745Z","stage":"request_received","videoName":"Mofos - Busty [m1nhb96].mp4","start":"00:00:38","end":"00:01:24","playlistName":"Intro","safePlaylistName":"Intro"}
{"ts":"2026-09-18T20:30:49.748Z","stage":"parsed_times","startSeconds":38,"endSeconds":84,"start":"00:00:38","end":"00:01:24"}
{"ts":"2026-09-18T20:30:49.749Z","stage":"source_resolved","base":"Mofos - Busty [m1nhb96].mp4","full":"D:\\playlist-service\\videos\\Mofos - Busty [m1nhb96].mp4","exists":true}
{"ts":"2026-09-18T20:30:49.751Z","stage":"trim_started","outputName":"Mofos - Busty [m1nhb96] [trim 00-00-38_00-01-24].mp4","outputFull":"D:\\playlist-service\\videos\\Mofos - Busty [m1nhb96] [trim 00-00-38_00-01-24].mp4","ffmpeg":"C:\\Users\\Rick\\AppData\\Local\\Microsoft\\WinGet\\Packages\\yt-dlp.FFmpeg_Microsoft.Winget.Source_8wekyb3d8bbwe\\ffmpeg-N-125875-g5d4d3bdc61-win64-gpl\\bin\\ffmpeg.exe","startSeconds":38,"endSeconds":84}
{"ts":"2026-09-18T20:30:49.752Z","stage":"trim_target_ready","outputName":"Mofos - Busty [m1nhb96] [trim 00-00-38_00-01-24].mp4","outputFull":"D:\\playlist-service\\videos\\Mofos - Busty [m1nhb96] [trim 00-00-38_00-01-24].mp4","sourceUsable":true,"outputExists":false,"outputUsable":false}
{"ts":"2026-09-18T20:30:49.753Z","stage":"calling_ffmpeg","source":"D:\\playlist-service\\videos\\Mofos - Busty [m1nhb96].mp4","output":"D:\\playlist-service\\videos\\Mofos - Busty [m1nhb96] [trim 00-00-38_00-01-24].mp4","startSeconds":38,"endSeconds":84}
{"ts":"2026-09-18T20:30:51.745Z","stage":"post_trim_validation","outputFull":"D:\\playlist-service\\videos\\Mofos - Busty [m1nhb96] [trim 00-00-38_00-01-24].mp4","trimmedUsable":true,"outputExists":true,"outputSize":26216495}
{"ts":"2026-09-18T20:30:51.833Z","stage":"saved_to_favorites","playlistName":"Intro","outputName":"Mofos - Busty [m1nhb96] [trim 00-00-38_00-01-24].mp4","playlistItemsCount":2,"favoritesResponsePlaylists":["2026-07-15","First vids","TeenFidelity","2026-07-16-emily","me and Emily - 20260720","Emily-favs","em-favs","2026-07-31","shorts","preprocess","gangbang","bdsm","Intro","Sex","Oral","Finish"]}
{"ts":"2026-09-18T20:30:51.986Z","stage":"request_received","videoName":"Mofos - Busty [m1nhb96].mp4","start":"00:01:38","end":"00:02:04","playlistName":"Oral","safePlaylistName":"Oral"}
{"ts":"2026-09-18T20:30:51.987Z","stage":"parsed_times","startSeconds":98,"endSeconds":124,"start":"00:01:38","end":"00:02:04"}
{"ts":"2026-09-18T20:30:51.987Z","stage":"source_resolved","base":"Mofos - Busty [m1nhb96].mp4","full":"D:\\playlist-service\\videos\\Mofos - Busty [m1nhb96].mp4","exists":true}
{"ts":"2026-09-18T20:30:51.991Z","stage":"trim_started","outputName":"Mofos - Busty [m1nhb96] [trim 00-01-38_00-02-04].mp4","outputFull":"D:\\playlist-service\\videos\\Mofos - Busty [m1nhb96] [trim 00-01-38_00-02-04].mp4","ffmpeg":"C:\\Users\\Rick\\AppData\\Local\\Microsoft\\WinGet\\Packages\\yt-dlp.FFmpeg_Microsoft.Winget.Source_8wekyb3d8bbwe\\ffmpeg-N-125875-g5d4d3bdc61-win64-gpl\\bin\\ffmpeg.exe","startSeconds":98,"endSeconds":124}
{"ts":"2026-09-18T20:30:51.991Z","stage":"trim_target_ready","outputName":"Mofos - Busty [m1nhb96] [trim 00-01-38_00-02-04].mp4","outputFull":"D:\\playlist-service\\videos\\Mofos - Busty [m1nhb96] [trim 00-01-38_00-02-04].mp4","sourceUsable":true,"outputExists":false,"outputUsable":false}
{"ts":"2026-09-18T20:30:51.992Z","stage":"calling_ffmpeg","source":"D:\\playlist-service\\videos\\Mofos - Busty [m1nhb96].mp4","output":"D:\\playlist-service\\videos\\Mofos - Busty [m1nhb96] [trim 00-01-38_00-02-04].mp4","startSeconds":98,"endSeconds":124}
{"ts":"2026-09-18T20:30:53.137Z","stage":"post_trim_validation","outputFull":"D:\\playlist-service\\videos\\Mofos - Busty [m1nhb96] [trim 00-01-38_00-02-04].mp4","trimmedUsable":true,"outputExists":true,"outputSize":8228512}
{"ts":"2026-09-18T20:30:53.220Z","stage":"saved_to_favorites","playlistName":"Oral","outputName":"Mofos - Busty [m1nhb96] [trim 00-01-38_00-02-04].mp4","playlistItemsCount":3,"favoritesResponsePlaylists":["2026-07-15","First vids","TeenFidelity","2026-07-16-emily","me and Emily - 20260720","Emily-favs","em-favs","2026-07-31","shorts","preprocess","gangbang","bdsm","Intro","Sex","Oral","Finish"]}
{"ts":"2026-09-18T20:30:53.284Z","stage":"request_received","videoName":"Mofos - Busty [m1nhb96].mp4","start":"00:02:05","end":"00:07:44","playlistName":"Sex","safePlaylistName":"Sex"}
{"ts":"2026-09-18T20:30:53.284Z","stage":"parsed_times","startSeconds":125,"endSeconds":464,"start":"00:02:05","end":"00:07:44"}
{"ts":"2026-09-18T20:30:53.285Z","stage":"source_resolved","base":"Mofos - Busty [m1nhb96].mp4","full":"D:\\playlist-service\\videos\\Mofos - Busty [m1nhb96].mp4","exists":true}
{"ts":"2026-09-18T20:30:53.286Z","stage":"trim_started","outputName":"Mofos - Busty [m1nhb96] [trim 00-02-05_00-07-44].mp4","outputFull":"D:\\playlist-service\\videos\\Mofos - Busty [m1nhb96] [trim 00-02-05_00-07-44].mp4","ffmpeg":"C:\\Users\\Rick\\AppData\\Local\\Microsoft\\WinGet\\Packages\\yt-dlp.FFmpeg_Microsoft.Winget.Source_8wekyb3d8bbwe\\ffmpeg-N-125875-g5d4d3bdc61-win64-gpl\\bin\\ffmpeg.exe","startSeconds":125,"endSeconds":464}
{"ts":"2026-09-18T20:30:53.286Z","stage":"trim_target_ready","outputName":"Mofos - Busty [m1nhb96] [trim 00-02-05_00-07-44].mp4","outputFull":"D:\\playlist-service\\videos\\Mofos - Busty [m1nhb96] [trim 00-02-05_00-07-44].mp4","sourceUsable":true,"outputExists":false,"outputUsable":false}
{"ts":"2026-09-18T20:30:53.287Z","stage":"calling_ffmpeg","source":"D:\\playlist-service\\videos\\Mofos - Busty [m1nhb96].mp4","output":"D:\\playlist-service\\videos\\Mofos - Busty [m1nhb96] [trim 00-02-05_00-07-44].mp4","startSeconds":125,"endSeconds":464}
{"ts":"2026-09-18T20:31:05.222Z","stage":"post_trim_validation","outputFull":"D:\\playlist-service\\videos\\Mofos - Busty [m1nhb96] [trim 00-02-05_00-07-44].mp4","trimmedUsable":true,"outputExists":true,"outputSize":116067321}
{"ts":"2026-09-18T20:31:05.317Z","stage":"saved_to_favorites","playlistName":"Sex","outputName":"Mofos - Busty [m1nhb96] [trim 00-02-05_00-07-44].mp4","playlistItemsCount":3,"favoritesResponsePlaylists":["2026-07-15","First vids","TeenFidelity","2026-07-16-emily","me and Emily - 20260720","Emily-favs","em-favs","2026-07-31","shorts","preprocess","gangbang","bdsm","Intro","Sex","Oral","Finish"]}
{"ts":"2026-09-18T20:36:45.928Z","stage":"request_received","videoName":"MyPervyFamily - Big Natural Stepdaugher is a Naughty Girl! - Lennox Luxe [ouovcbt1869].mp4","start":"00:05:40","end":"00:08:52","playlistName":"Oral","safePlaylistName":"Oral"}
{"ts":"2026-09-18T20:36:45.929Z","stage":"parsed_times","startSeconds":340,"endSeconds":532,"start":"00:05:40","end":"00:08:52"}
{"ts":"2026-09-18T20:36:45.930Z","stage":"source_resolved","base":"MyPervyFamily - Big Natural Stepdaugher is a Naughty Girl! - Lennox Luxe [ouovcbt1869].mp4","full":"D:\\playlist-service\\videos\\MyPervyFamily - Big Natural Stepdaugher is a Naughty Girl! - Lennox Luxe [ouovcbt1869].mp4","exists":true}
{"ts":"2026-09-18T20:36:45.931Z","stage":"trim_started","outputName":"MyPervyFamily - Big Natural Stepdaugher is a Naughty Girl! - Lennox Luxe [ouovcbt1869] [trim 00-05-40_00-08-52].mp4","outputFull":"D:\\playlist-service\\videos\\MyPervyFamily - Big Natural Stepdaugher is a Naughty Girl! - Lennox Luxe [ouovcbt1869] [trim 00-05-40_00-08-52].mp4","ffmpeg":"C:\\Users\\Rick\\AppData\\Local\\Microsoft\\WinGet\\Packages\\yt-dlp.FFmpeg_Microsoft.Winget.Source_8wekyb3d8bbwe\\ffmpeg-N-125875-g5d4d3bdc61-win64-gpl\\bin\\ffmpeg.exe","startSeconds":340,"endSeconds":532}
{"ts":"2026-09-18T20:36:45.932Z","stage":"trim_target_ready","outputName":"MyPervyFamily - Big Natural Stepdaugher is a Naughty Girl! - Lennox Luxe [ouovcbt1869] [trim 00-05-40_00-08-52].mp4","outputFull":"D:\\playlist-service\\videos\\MyPervyFamily - Big Natural Stepdaugher is a Naughty Girl! - Lennox Luxe [ouovcbt1869] [trim 00-05-40_00-08-52].mp4","sourceUsable":true,"outputExists":false,"outputUsable":false}
{"ts":"2026-09-18T20:36:45.933Z","stage":"calling_ffmpeg","source":"D:\\playlist-service\\videos\\MyPervyFamily - Big Natural Stepdaugher is a Naughty Girl! - Lennox Luxe [ouovcbt1869].mp4","output":"D:\\playlist-service\\videos\\MyPervyFamily - Big Natural Stepdaugher is a Naughty Girl! - Lennox Luxe [ouovcbt1869] [trim 00-05-40_00-08-52].mp4","startSeconds":340,"endSeconds":532}
{"ts":"2026-09-18T20:36:53.715Z","stage":"post_trim_validation","outputFull":"D:\\playlist-service\\videos\\MyPervyFamily - Big Natural Stepdaugher is a Naughty Girl! - Lennox Luxe [ouovcbt1869] [trim 00-05-40_00-08-52].mp4","trimmedUsable":true,"outputExists":true,"outputSize":89427742}
{"ts":"2026-09-18T20:36:53.810Z","stage":"saved_to_favorites","playlistName":"Oral","outputName":"MyPervyFamily - Big Natural Stepdaugher is a Naughty Girl! - Lennox Luxe [ouovcbt1869] [trim 00-05-40_00-08-52].mp4","playlistItemsCount":4,"favoritesResponsePlaylists":["2026-07-15","First vids","TeenFidelity","2026-07-16-emily","me and Emily - 20260720","Emily-favs","em-favs","2026-07-31","shorts","preprocess","gangbang","bdsm","Intro","Sex","Oral","Finish"]}
{"ts":"2026-09-18T20:36:53.841Z","stage":"request_received","videoName":"MyPervyFamily - Big Natural Stepdaugher is a Naughty Girl! - Lennox Luxe [ouovcbt1869].mp4","start":"00:09:00","end":"00:09:57","playlistName":"Intro","safePlaylistName":"Intro"}
{"ts":"2026-09-18T20:36:53.842Z","stage":"parsed_times","startSeconds":540,"endSeconds":597,"start":"00:09:00","end":"00:09:57"}
{"ts":"2026-09-18T20:36:53.843Z","stage":"source_resolved","base":"MyPervyFamily - Big Natural Stepdaugher is a Naughty Girl! - Lennox Luxe [ouovcbt1869].mp4","full":"D:\\playlist-service\\videos\\MyPervyFamily - Big Natural Stepdaugher is a Naughty Girl! - Lennox Luxe [ouovcbt1869].mp4","exists":true}
{"ts":"2026-09-18T20:36:53.844Z","stage":"trim_started","outputName":"MyPervyFamily - Big Natural Stepdaugher is a Naughty Girl! - Lennox Luxe [ouovcbt1869] [trim 00-09-00_00-09-57].mp4","outputFull":"D:\\playlist-service\\videos\\MyPervyFamily - Big Natural Stepdaugher is a Naughty Girl! - Lennox Luxe [ouovcbt1869] [trim 00-09-00_00-09-57].mp4","ffmpeg":"C:\\Users\\Rick\\AppData\\Local\\Microsoft\\WinGet\\Packages\\yt-dlp.FFmpeg_Microsoft.Winget.Source_8wekyb3d8bbwe\\ffmpeg-N-125875-g5d4d3bdc61-win64-gpl\\bin\\ffmpeg.exe","startSeconds":540,"endSeconds":597}
{"ts":"2026-09-18T20:36:53.845Z","stage":"trim_target_ready","outputName":"MyPervyFamily - Big Natural Stepdaugher is a Naughty Girl! - Lennox Luxe [ouovcbt1869] [trim 00-09-00_00-09-57].mp4","outputFull":"D:\\playlist-service\\videos\\MyPervyFamily - Big Natural Stepdaugher is a Naughty Girl! - Lennox Luxe [ouovcbt1869] [trim 00-09-00_00-09-57].mp4","sourceUsable":true,"outputExists":false,"outputUsable":false}
{"ts":"2026-09-18T20:36:53.845Z","stage":"calling_ffmpeg","source":"D:\\playlist-service\\videos\\MyPervyFamily - Big Natural Stepdaugher is a Naughty Girl! - Lennox Luxe [ouovcbt1869].mp4","output":"D:\\playlist-service\\videos\\MyPervyFamily - Big Natural Stepdaugher is a Naughty Girl! - Lennox Luxe [ouovcbt1869] [trim 00-09-00_00-09-57].mp4","startSeconds":540,"endSeconds":597}
{"ts":"2026-09-18T20:36:56.286Z","stage":"post_trim_validation","outputFull":"D:\\playlist-service\\videos\\MyPervyFamily - Big Natural Stepdaugher is a Naughty Girl! - Lennox Luxe [ouovcbt1869] [trim 00-09-00_00-09-57].mp4","trimmedUsable":true,"outputExists":true,"outputSize":23417599}
{"ts":"2026-09-18T20:36:56.367Z","stage":"saved_to_favorites","playlistName":"Intro","outputName":"MyPervyFamily - Big Natural Stepdaugher is a Naughty Girl! - Lennox Luxe [ouovcbt1869] [trim 00-09-00_00-09-57].mp4","playlistItemsCount":3,"favoritesResponsePlaylists":["2026-07-15","First vids","TeenFidelity","2026-07-16-emily","me and Emily - 20260720","Emily-favs","em-favs","2026-07-31","shorts","preprocess","gangbang","bdsm","Intro","Sex","Oral","Finish"]}
{"ts":"2026-09-18T20:36:56.418Z","stage":"request_received","videoName":"MyPervyFamily - Big Natural Stepdaugher is a Naughty Girl! - Lennox Luxe [ouovcbt1869].mp4","start":"00:09:57","end":"00:15:00","playlistName":"Sex","safePlaylistName":"Sex"}
{"ts":"2026-09-18T20:36:56.419Z","stage":"parsed_times","startSeconds":597,"endSeconds":900,"start":"00:09:57","end":"00:15:00"}
{"ts":"2026-09-18T20:36:56.420Z","stage":"source_resolved","base":"MyPervyFamily - Big Natural Stepdaugher is a Naughty Girl! - Lennox Luxe [ouovcbt1869].mp4","full":"D:\\playlist-service\\videos\\MyPervyFamily - Big Natural Stepdaugher is a Naughty Girl! - Lennox Luxe [ouovcbt1869].mp4","exists":true}
{"ts":"2026-09-18T20:36:56.421Z","stage":"trim_started","outputName":"MyPervyFamily - Big Natural Stepdaugher is a Naughty Girl! - Lennox Luxe [ouovcbt1869] [trim 00-09-57_00-15-00].mp4","outputFull":"D:\\playlist-service\\videos\\MyPervyFamily - Big Natural Stepdaugher is a Naughty Girl! - Lennox Luxe [ouovcbt1869] [trim 00-09-57_00-15-00].mp4","ffmpeg":"C:\\Users\\Rick\\AppData\\Local\\Microsoft\\WinGet\\Packages\\yt-dlp.FFmpeg_Microsoft.Winget.Source_8wekyb3d8bbwe\\ffmpeg-N-125875-g5d4d3bdc61-win64-gpl\\bin\\ffmpeg.exe","startSeconds":597,"endSeconds":900}
{"ts":"2026-09-18T20:36:56.422Z","stage":"trim_target_ready","outputName":"MyPervyFamily - Big Natural Stepdaugher is a Naughty Girl! - Lennox Luxe [ouovcbt1869] [trim 00-09-57_00-15-00].mp4","outputFull":"D:\\playlist-service\\videos\\MyPervyFamily - Big Natural Stepdaugher is a Naughty Girl! - Lennox Luxe [ouovcbt1869] [trim 00-09-57_00-15-00].mp4","sourceUsable":true,"outputExists":false,"outputUsable":false}
{"ts":"2026-09-18T20:36:56.422Z","stage":"calling_ffmpeg","source":"D:\\playlist-service\\videos\\MyPervyFamily - Big Natural Stepdaugher is a Naughty Girl! - Lennox Luxe [ouovcbt1869].mp4","output":"D:\\playlist-service\\videos\\MyPervyFamily - Big Natural Stepdaugher is a Naughty Girl! - Lennox Luxe [ouovcbt1869] [trim 00-09-57_00-15-00].mp4","startSeconds":597,"endSeconds":900}
{"ts":"2026-09-18T20:37:08.389Z","stage":"post_trim_validation","outputFull":"D:\\playlist-service\\videos\\MyPervyFamily - Big Natural Stepdaugher is a Naughty Girl! - Lennox Luxe [ouovcbt1869] [trim 00-09-57_00-15-00].mp4","trimmedUsable":true,"outputExists":true,"outputSize":124701885}
{"ts":"2026-09-18T20:37:08.477Z","stage":"saved_to_favorites","playlistName":"Sex","outputName":"MyPervyFamily - Big Natural Stepdaugher is a Naughty Girl! - Lennox Luxe [ouovcbt1869] [trim 00-09-57_00-15-00].mp4","playlistItemsCount":4,"favoritesResponsePlaylists":["2026-07-15","First vids","TeenFidelity","2026-07-16-emily","me and Emily - 20260720","Emily-favs","em-favs","2026-07-31","shorts","preprocess","gangbang","bdsm","Intro","Sex","Oral","Finish"]}
{"ts":"2026-09-18T20:54:11.387Z","stage":"request_received","videoName":"Troublemaker Uses Sexual Survival Skills [xh3Wa5A].mp4","start":"00:05:27","end":"00:09:30","playlistName":"Intro","safePlaylistName":"Intro"}
{"ts":"2026-09-18T20:54:11.388Z","stage":"parsed_times","startSeconds":327,"endSeconds":570,"start":"00:05:27","end":"00:09:30"}
{"ts":"2026-09-18T20:54:11.389Z","stage":"source_resolved","base":"Troublemaker Uses Sexual Survival Skills [xh3Wa5A].mp4","full":"D:\\playlist-service\\videos\\Troublemaker Uses Sexual Survival Skills [xh3Wa5A].mp4","exists":true}
{"ts":"2026-09-18T20:54:11.390Z","stage":"trim_started","outputName":"Troublemaker Uses Sexual Survival Skills [xh3Wa5A] [trim 00-05-27_00-09-30].mp4","outputFull":"D:\\playlist-service\\videos\\Troublemaker Uses Sexual Survival Skills [xh3Wa5A] [trim 00-05-27_00-09-30].mp4","ffmpeg":"C:\\Users\\Rick\\AppData\\Local\\Microsoft\\WinGet\\Packages\\yt-dlp.FFmpeg_Microsoft.Winget.Source_8wekyb3d8bbwe\\ffmpeg-N-125875-g5d4d3bdc61-win64-gpl\\bin\\ffmpeg.exe","startSeconds":327,"endSeconds":570}
{"ts":"2026-09-18T20:54:11.391Z","stage":"trim_target_ready","outputName":"Troublemaker Uses Sexual Survival Skills [xh3Wa5A] [trim 00-05-27_00-09-30].mp4","outputFull":"D:\\playlist-service\\videos\\Troublemaker Uses Sexual Survival Skills [xh3Wa5A] [trim 00-05-27_00-09-30].mp4","sourceUsable":true,"outputExists":false,"outputUsable":false}
{"ts":"2026-09-18T20:54:11.392Z","stage":"calling_ffmpeg","source":"D:\\playlist-service\\videos\\Troublemaker Uses Sexual Survival Skills [xh3Wa5A].mp4","output":"D:\\playlist-service\\videos\\Troublemaker Uses Sexual Survival Skills [xh3Wa5A] [trim 00-05-27_00-09-30].mp4","startSeconds":327,"endSeconds":570}
{"ts":"2026-09-18T20:54:34.839Z","stage":"post_trim_validation","outputFull":"D:\\playlist-service\\videos\\Troublemaker Uses Sexual Survival Skills [xh3Wa5A] [trim 00-05-27_00-09-30].mp4","trimmedUsable":true,"outputExists":true,"outputSize":128003292}
{"ts":"2026-09-18T20:54:34.931Z","stage":"saved_to_favorites","playlistName":"Intro","outputName":"Troublemaker Uses Sexual Survival Skills [xh3Wa5A] [trim 00-05-27_00-09-30].mp4","playlistItemsCount":4,"favoritesResponsePlaylists":["2026-07-15","First vids","TeenFidelity","2026-07-16-emily","me and Emily - 20260720","Emily-favs","em-favs","2026-07-31","shorts","preprocess","gangbang","bdsm","Intro","Sex","Oral","Finish"]}
{"ts":"2026-09-18T20:54:34.992Z","stage":"request_received","videoName":"Troublemaker Uses Sexual Survival Skills [xh3Wa5A].mp4","start":"00:09:30","end":"00:14:45","playlistName":"Sex","safePlaylistName":"Sex"}
{"ts":"2026-09-18T20:54:34.993Z","stage":"parsed_times","startSeconds":570,"endSeconds":885,"start":"00:09:30","end":"00:14:45"}
{"ts":"2026-09-18T20:54:34.993Z","stage":"source_resolved","base":"Troublemaker Uses Sexual Survival Skills [xh3Wa5A].mp4","full":"D:\\playlist-service\\videos\\Troublemaker Uses Sexual Survival Skills [xh3Wa5A].mp4","exists":true}
{"ts":"2026-09-18T20:54:34.995Z","stage":"trim_started","outputName":"Troublemaker Uses Sexual Survival Skills [xh3Wa5A] [trim 00-09-30_00-14-45].mp4","outputFull":"D:\\playlist-service\\videos\\Troublemaker Uses Sexual Survival Skills [xh3Wa5A] [trim 00-09-30_00-14-45].mp4","ffmpeg":"C:\\Users\\Rick\\AppData\\Local\\Microsoft\\WinGet\\Packages\\yt-dlp.FFmpeg_Microsoft.Winget.Source_8wekyb3d8bbwe\\ffmpeg-N-125875-g5d4d3bdc61-win64-gpl\\bin\\ffmpeg.exe","startSeconds":570,"endSeconds":885}
{"ts":"2026-09-18T20:54:34.995Z","stage":"trim_target_ready","outputName":"Troublemaker Uses Sexual Survival Skills [xh3Wa5A] [trim 00-09-30_00-14-45].mp4","outputFull":"D:\\playlist-service\\videos\\Troublemaker Uses Sexual Survival Skills [xh3Wa5A] [trim 00-09-30_00-14-45].mp4","sourceUsable":true,"outputExists":false,"outputUsable":false}
{"ts":"2026-09-18T20:54:34.996Z","stage":"calling_ffmpeg","source":"D:\\playlist-service\\videos\\Troublemaker Uses Sexual Survival Skills [xh3Wa5A].mp4","output":"D:\\playlist-service\\videos\\Troublemaker Uses Sexual Survival Skills [xh3Wa5A] [trim 00-09-30_00-14-45].mp4","startSeconds":570,"endSeconds":885}
{"ts":"2026-09-18T20:55:07.173Z","stage":"post_trim_validation","outputFull":"D:\\playlist-service\\videos\\Troublemaker Uses Sexual Survival Skills [xh3Wa5A] [trim 00-09-30_00-14-45].mp4","trimmedUsable":true,"outputExists":true,"outputSize":143770368}
{"ts":"2026-09-18T20:55:07.259Z","stage":"saved_to_favorites","playlistName":"Sex","outputName":"Troublemaker Uses Sexual Survival Skills [xh3Wa5A] [trim 00-09-30_00-14-45].mp4","playlistItemsCount":5,"favoritesResponsePlaylists":["2026-07-15","First vids","TeenFidelity","2026-07-16-emily","me and Emily - 20260720","Emily-favs","em-favs","2026-07-31","shorts","preprocess","gangbang","bdsm","Intro","Sex","Oral","Finish"]}
{"ts":"2026-09-18T20:55:07.344Z","stage":"request_received","videoName":"Troublemaker Uses Sexual Survival Skills [xh3Wa5A].mp4","start":"00:14:48","end":"00:15:18","playlistName":"Oral","safePlaylistName":"Oral"}
{"ts":"2026-09-18T20:55:07.344Z","stage":"parsed_times","startSeconds":888,"endSeconds":918,"start":"00:14:48","end":"00:15:18"}
{"ts":"2026-09-18T20:55:07.345Z","stage":"source_resolved","base":"Troublemaker Uses Sexual Survival Skills [xh3Wa5A].mp4","full":"D:\\playlist-service\\videos\\Troublemaker Uses Sexual Survival Skills [xh3Wa5A].mp4","exists":true}
{"ts":"2026-09-18T20:55:07.346Z","stage":"trim_started","outputName":"Troublemaker Uses Sexual Survival Skills [xh3Wa5A] [trim 00-14-48_00-15-18].mp4","outputFull":"D:\\playlist-service\\videos\\Troublemaker Uses Sexual Survival Skills [xh3Wa5A] [trim 00-14-48_00-15-18].mp4","ffmpeg":"C:\\Users\\Rick\\AppData\\Local\\Microsoft\\WinGet\\Packages\\yt-dlp.FFmpeg_Microsoft.Winget.Source_8wekyb3d8bbwe\\ffmpeg-N-125875-g5d4d3bdc61-win64-gpl\\bin\\ffmpeg.exe","startSeconds":888,"endSeconds":918}
{"ts":"2026-09-18T20:55:07.347Z","stage":"trim_target_ready","outputName":"Troublemaker Uses Sexual Survival Skills [xh3Wa5A] [trim 00-14-48_00-15-18].mp4","outputFull":"D:\\playlist-service\\videos\\Troublemaker Uses Sexual Survival Skills [xh3Wa5A] [trim 00-14-48_00-15-18].mp4","sourceUsable":true,"outputExists":false,"outputUsable":false}
{"ts":"2026-09-18T20:55:07.348Z","stage":"calling_ffmpeg","source":"D:\\playlist-service\\videos\\Troublemaker Uses Sexual Survival Skills [xh3Wa5A].mp4","output":"D:\\playlist-service\\videos\\Troublemaker Uses Sexual Survival Skills [xh3Wa5A] [trim 00-14-48_00-15-18].mp4","startSeconds":888,"endSeconds":918}
{"ts":"2026-09-18T20:55:10.825Z","stage":"post_trim_validation","outputFull":"D:\\playlist-service\\videos\\Troublemaker Uses Sexual Survival Skills [xh3Wa5A] [trim 00-14-48_00-15-18].mp4","trimmedUsable":true,"outputExists":true,"outputSize":15502381}
{"ts":"2026-09-18T20:55:10.909Z","stage":"saved_to_favorites","playlistName":"Oral","outputName":"Troublemaker Uses Sexual Survival Skills [xh3Wa5A] [trim 00-14-48_00-15-18].mp4","playlistItemsCount":5,"favoritesResponsePlaylists":["2026-07-15","First vids","TeenFidelity","2026-07-16-emily","me and Emily - 20260720","Emily-favs","em-favs","2026-07-31","shorts","preprocess","gangbang","bdsm","Intro","Sex","Oral","Finish"]}
{"ts":"2026-09-18T20:55:11.030Z","stage":"request_received","videoName":"Troublemaker Uses Sexual Survival Skills [xh3Wa5A].mp4","start":"00:15:18","end":"00:18:55","playlistName":"Sex","safePlaylistName":"Sex"}
{"ts":"2026-09-18T20:55:11.031Z","stage":"parsed_times","startSeconds":918,"endSeconds":1135,"start":"00:15:18","end":"00:18:55"}
{"ts":"2026-09-18T20:55:11.031Z","stage":"source_resolved","base":"Troublemaker Uses Sexual Survival Skills [xh3Wa5A].mp4","full":"D:\\playlist-service\\videos\\Troublemaker Uses Sexual Survival Skills [xh3Wa5A].mp4","exists":true}
{"ts":"2026-09-18T20:55:11.032Z","stage":"trim_started","outputName":"Troublemaker Uses Sexual Survival Skills [xh3Wa5A] [trim 00-15-18_00-18-55].mp4","outputFull":"D:\\playlist-service\\videos\\Troublemaker Uses Sexual Survival Skills [xh3Wa5A] [trim 00-15-18_00-18-55].mp4","ffmpeg":"C:\\Users\\Rick\\AppData\\Local\\Microsoft\\WinGet\\Packages\\yt-dlp.FFmpeg_Microsoft.Winget.Source_8wekyb3d8bbwe\\ffmpeg-N-125875-g5d4d3bdc61-win64-gpl\\bin\\ffmpeg.exe","startSeconds":918,"endSeconds":1135}
{"ts":"2026-09-18T20:55:11.033Z","stage":"trim_target_ready","outputName":"Troublemaker Uses Sexual Survival Skills [xh3Wa5A] [trim 00-15-18_00-18-55].mp4","outputFull":"D:\\playlist-service\\videos\\Troublemaker Uses Sexual Survival Skills [xh3Wa5A] [trim 00-15-18_00-18-55].mp4","sourceUsable":true,"outputExists":false,"outputUsable":false}
{"ts":"2026-09-18T20:55:11.034Z","stage":"calling_ffmpeg","source":"D:\\playlist-service\\videos\\Troublemaker Uses Sexual Survival Skills [xh3Wa5A].mp4","output":"D:\\playlist-service\\videos\\Troublemaker Uses Sexual Survival Skills [xh3Wa5A] [trim 00-15-18_00-18-55].mp4","startSeconds":918,"endSeconds":1135}
{"ts":"2026-09-18T20:55:32.962Z","stage":"post_trim_validation","outputFull":"D:\\playlist-service\\videos\\Troublemaker Uses Sexual Survival Skills [xh3Wa5A] [trim 00-15-18_00-18-55].mp4","trimmedUsable":true,"outputExists":true,"outputSize":111820362}
{"ts":"2026-09-18T20:55:33.055Z","stage":"saved_to_favorites","playlistName":"Sex","outputName":"Troublemaker Uses Sexual Survival Skills [xh3Wa5A] [trim 00-15-18_00-18-55].mp4","playlistItemsCount":6,"favoritesResponsePlaylists":["2026-07-15","First vids","TeenFidelity","2026-07-16-emily","me and Emily - 20260720","Emily-favs","em-favs","2026-07-31","shorts","preprocess","gangbang","bdsm","Intro","Sex","Oral","Finish"]}
{"ts":"2026-09-18T20:55:33.157Z","stage":"request_received","videoName":"Troublemaker Uses Sexual Survival Skills [xh3Wa5A].mp4","start":"00:18:55","end":"00:24:36","playlistName":"Oral","safePlaylistName":"Oral"}
{"ts":"2026-09-18T20:55:33.157Z","stage":"parsed_times","startSeconds":1135,"endSeconds":1476,"start":"00:18:55","end":"00:24:36"}
{"ts":"2026-09-18T20:55:33.158Z","stage":"source_resolved","base":"Troublemaker Uses Sexual Survival Skills [xh3Wa5A].mp4","full":"D:\\playlist-service\\videos\\Troublemaker Uses Sexual Survival Skills [xh3Wa5A].mp4","exists":true}
{"ts":"2026-09-18T20:55:33.159Z","stage":"trim_started","outputName":"Troublemaker Uses Sexual Survival Skills [xh3Wa5A] [trim 00-18-55_00-24-36].mp4","outputFull":"D:\\playlist-service\\videos\\Troublemaker Uses Sexual Survival Skills [xh3Wa5A] [trim 00-18-55_00-24-36].mp4","ffmpeg":"C:\\Users\\Rick\\AppData\\Local\\Microsoft\\WinGet\\Packages\\yt-dlp.FFmpeg_Microsoft.Winget.Source_8wekyb3d8bbwe\\ffmpeg-N-125875-g5d4d3bdc61-win64-gpl\\bin\\ffmpeg.exe","startSeconds":1135,"endSeconds":1476}
{"ts":"2026-09-18T20:55:33.160Z","stage":"trim_target_ready","outputName":"Troublemaker Uses Sexual Survival Skills [xh3Wa5A] [trim 00-18-55_00-24-36].mp4","outputFull":"D:\\playlist-service\\videos\\Troublemaker Uses Sexual Survival Skills [xh3Wa5A] [trim 00-18-55_00-24-36].mp4","sourceUsable":true,"outputExists":false,"outputUsable":false}
{"ts":"2026-09-18T20:55:33.161Z","stage":"calling_ffmpeg","source":"D:\\playlist-service\\videos\\Troublemaker Uses Sexual Survival Skills [xh3Wa5A].mp4","output":"D:\\playlist-service\\videos\\Troublemaker Uses Sexual Survival Skills [xh3Wa5A] [trim 00-18-55_00-24-36].mp4","startSeconds":1135,"endSeconds":1476}
{"ts":"2026-09-18T20:56:06.917Z","stage":"post_trim_validation","outputFull":"D:\\playlist-service\\videos\\Troublemaker Uses Sexual Survival Skills [xh3Wa5A] [trim 00-18-55_00-24-36].mp4","trimmedUsable":true,"outputExists":true,"outputSize":218428111}
{"ts":"2026-09-18T20:56:07.006Z","stage":"saved_to_favorites","playlistName":"Oral","outputName":"Troublemaker Uses Sexual Survival Skills [xh3Wa5A] [trim 00-18-55_00-24-36].mp4","playlistItemsCount":6,"favoritesResponsePlaylists":["2026-07-15","First vids","TeenFidelity","2026-07-16-emily","me and Emily - 20260720","Emily-favs","em-favs","2026-07-31","shorts","preprocess","gangbang","bdsm","Intro","Sex","Oral","Finish"]}
{"ts":"2026-09-18T20:56:07.044Z","stage":"request_received","videoName":"Troublemaker Uses Sexual Survival Skills [xh3Wa5A].mp4","start":"00:24:45","end":"00:32:02","playlistName":"Sex","safePlaylistName":"Sex"}
{"ts":"2026-09-18T20:56:07.044Z","stage":"parsed_times","startSeconds":1485,"endSeconds":1922,"start":"00:24:45","end":"00:32:02"}
{"ts":"2026-09-18T20:56:07.045Z","stage":"source_resolved","base":"Troublemaker Uses Sexual Survival Skills [xh3Wa5A].mp4","full":"D:\\playlist-service\\videos\\Troublemaker Uses Sexual Survival Skills [xh3Wa5A].mp4","exists":true}
{"ts":"2026-09-18T20:56:07.046Z","stage":"trim_started","outputName":"Troublemaker Uses Sexual Survival Skills [xh3Wa5A] [trim 00-24-45_00-32-02].mp4","outputFull":"D:\\playlist-service\\videos\\Troublemaker Uses Sexual Survival Skills [xh3Wa5A] [trim 00-24-45_00-32-02].mp4","ffmpeg":"C:\\Users\\Rick\\AppData\\Local\\Microsoft\\WinGet\\Packages\\yt-dlp.FFmpeg_Microsoft.Winget.Source_8wekyb3d8bbwe\\ffmpeg-N-125875-g5d4d3bdc61-win64-gpl\\bin\\ffmpeg.exe","startSeconds":1485,"endSeconds":1922}
{"ts":"2026-09-18T20:56:07.047Z","stage":"trim_target_ready","outputName":"Troublemaker Uses Sexual Survival Skills [xh3Wa5A] [trim 00-24-45_00-32-02].mp4","outputFull":"D:\\playlist-service\\videos\\Troublemaker Uses Sexual Survival Skills [xh3Wa5A] [trim 00-24-45_00-32-02].mp4","sourceUsable":true,"outputExists":false,"outputUsable":false}
{"ts":"2026-09-18T20:56:07.047Z","stage":"calling_ffmpeg","source":"D:\\playlist-service\\videos\\Troublemaker Uses Sexual Survival Skills [xh3Wa5A].mp4","output":"D:\\playlist-service\\videos\\Troublemaker Uses Sexual Survival Skills [xh3Wa5A] [trim 00-24-45_00-32-02].mp4","startSeconds":1485,"endSeconds":1922}
{"ts":"2026-09-18T20:56:50.708Z","stage":"post_trim_validation","outputFull":"D:\\playlist-service\\videos\\Troublemaker Uses Sexual Survival Skills [xh3Wa5A] [trim 00-24-45_00-32-02].mp4","trimmedUsable":true,"outputExists":true,"outputSize":202953116}
{"ts":"2026-09-18T20:56:50.801Z","stage":"saved_to_favorites","playlistName":"Sex","outputName":"Troublemaker Uses Sexual Survival Skills [xh3Wa5A] [trim 00-24-45_00-32-02].mp4","playlistItemsCount":7,"favoritesResponsePlaylists":["2026-07-15","First vids","TeenFidelity","2026-07-16-emily","me and Emily - 20260720","Emily-favs","em-favs","2026-07-31","shorts","preprocess","gangbang","bdsm","Intro","Sex","Oral","Finish"]}
{"ts":"2026-09-18T20:56:50.876Z","stage":"request_received","videoName":"Troublemaker Uses Sexual Survival Skills [xh3Wa5A].mp4","start":"00:32:02","end":"00:32:48","playlistName":"Finish","safePlaylistName":"Finish"}
{"ts":"2026-09-18T20:56:50.877Z","stage":"parsed_times","startSeconds":1922,"endSeconds":1968,"start":"00:32:02","end":"00:32:48"}
{"ts":"2026-09-18T20:56:50.878Z","stage":"source_resolved","base":"Troublemaker Uses Sexual Survival Skills [xh3Wa5A].mp4","full":"D:\\playlist-service\\videos\\Troublemaker Uses Sexual Survival Skills [xh3Wa5A].mp4","exists":true}
{"ts":"2026-09-18T20:56:50.879Z","stage":"trim_started","outputName":"Troublemaker Uses Sexual Survival Skills [xh3Wa5A] [trim 00-32-02_00-32-48].mp4","outputFull":"D:\\playlist-service\\videos\\Troublemaker Uses Sexual Survival Skills [xh3Wa5A] [trim 00-32-02_00-32-48].mp4","ffmpeg":"C:\\Users\\Rick\\AppData\\Local\\Microsoft\\WinGet\\Packages\\yt-dlp.FFmpeg_Microsoft.Winget.Source_8wekyb3d8bbwe\\ffmpeg-N-125875-g5d4d3bdc61-win64-gpl\\bin\\ffmpeg.exe","startSeconds":1922,"endSeconds":1968}
{"ts":"2026-09-18T20:56:50.879Z","stage":"trim_target_ready","outputName":"Troublemaker Uses Sexual Survival Skills [xh3Wa5A] [trim 00-32-02_00-32-48].mp4","outputFull":"D:\\playlist-service\\videos\\Troublemaker Uses Sexual Survival Skills [xh3Wa5A] [trim 00-32-02_00-32-48].mp4","sourceUsable":true,"outputExists":false,"outputUsable":false}
{"ts":"2026-09-18T20:56:50.880Z","stage":"calling_ffmpeg","source":"D:\\playlist-service\\videos\\Troublemaker Uses Sexual Survival Skills [xh3Wa5A].mp4","output":"D:\\playlist-service\\videos\\Troublemaker Uses Sexual Survival Skills [xh3Wa5A] [trim 00-32-02_00-32-48].mp4","startSeconds":1922,"endSeconds":1968}
{"ts":"2026-09-18T20:56:55.614Z","stage":"post_trim_validation","outputFull":"D:\\playlist-service\\videos\\Troublemaker Uses Sexual Survival Skills [xh3Wa5A] [trim 00-32-02_00-32-48].mp4","trimmedUsable":true,"outputExists":true,"outputSize":21223130}
{"ts":"2026-09-18T20:56:55.705Z","stage":"saved_to_favorites","playlistName":"Finish","outputName":"Troublemaker Uses Sexual Survival Skills [xh3Wa5A] [trim 00-32-02_00-32-48].mp4","playlistItemsCount":2,"favoritesResponsePlaylists":["2026-07-15","First vids","TeenFidelity","2026-07-16-emily","me and Emily - 20260720","Emily-favs","em-favs","2026-07-31","shorts","preprocess","gangbang","bdsm","Intro","Sex","Oral","Finish"]}
{"ts":"2026-09-18T21:11:18.535Z","stage":"request_received","videoName":"Probation Officer Delivers Some Flavorful Fun [xhg9u3I].mp4","start":"00:04:30","end":"00:09:15","playlistName":"Intro","safePlaylistName":"Intro"}
{"ts":"2026-09-18T21:11:18.536Z","stage":"parsed_times","startSeconds":270,"endSeconds":555,"start":"00:04:30","end":"00:09:15"}
{"ts":"2026-09-18T21:11:18.537Z","stage":"source_resolved","base":"Probation Officer Delivers Some Flavorful Fun [xhg9u3I].mp4","full":"D:\\playlist-service\\videos\\Probation Officer Delivers Some Flavorful Fun [xhg9u3I].mp4","exists":true}
{"ts":"2026-09-18T21:11:18.538Z","stage":"trim_started","outputName":"Probation Officer Delivers Some Flavorful Fun [xhg9u3I] [trim 00-04-30_00-09-15].mp4","outputFull":"D:\\playlist-service\\videos\\Probation Officer Delivers Some Flavorful Fun [xhg9u3I] [trim 00-04-30_00-09-15].mp4","ffmpeg":"C:\\Users\\Rick\\AppData\\Local\\Microsoft\\WinGet\\Packages\\yt-dlp.FFmpeg_Microsoft.Winget.Source_8wekyb3d8bbwe\\ffmpeg-N-125875-g5d4d3bdc61-win64-gpl\\bin\\ffmpeg.exe","startSeconds":270,"endSeconds":555}
{"ts":"2026-09-18T21:11:18.539Z","stage":"trim_target_ready","outputName":"Probation Officer Delivers Some Flavorful Fun [xhg9u3I] [trim 00-04-30_00-09-15].mp4","outputFull":"D:\\playlist-service\\videos\\Probation Officer Delivers Some Flavorful Fun [xhg9u3I] [trim 00-04-30_00-09-15].mp4","sourceUsable":true,"outputExists":false,"outputUsable":false}
{"ts":"2026-09-18T21:11:18.540Z","stage":"calling_ffmpeg","source":"D:\\playlist-service\\videos\\Probation Officer Delivers Some Flavorful Fun [xhg9u3I].mp4","output":"D:\\playlist-service\\videos\\Probation Officer Delivers Some Flavorful Fun [xhg9u3I] [trim 00-04-30_00-09-15].mp4","startSeconds":270,"endSeconds":555}
{"ts":"2026-09-18T21:11:45.482Z","stage":"post_trim_validation","outputFull":"D:\\playlist-service\\videos\\Probation Officer Delivers Some Flavorful Fun [xhg9u3I] [trim 00-04-30_00-09-15].mp4","trimmedUsable":true,"outputExists":true,"outputSize":110968520}
{"ts":"2026-09-18T21:11:45.574Z","stage":"saved_to_favorites","playlistName":"Intro","outputName":"Probation Officer Delivers Some Flavorful Fun [xhg9u3I] [trim 00-04-30_00-09-15].mp4","playlistItemsCount":5,"favoritesResponsePlaylists":["2026-07-15","First vids","TeenFidelity","2026-07-16-emily","me and Emily - 20260720","Emily-favs","em-favs","2026-07-31","shorts","preprocess","gangbang","bdsm","Intro","Sex","Oral","Finish"]}
{"ts":"2026-09-18T21:11:45.680Z","stage":"request_received","videoName":"Probation Officer Delivers Some Flavorful Fun [xhg9u3I].mp4","start":"00:09:16","end":"00:15:32","playlistName":"Sex","safePlaylistName":"Sex"}
{"ts":"2026-09-18T21:11:45.680Z","stage":"parsed_times","startSeconds":556,"endSeconds":932,"start":"00:09:16","end":"00:15:32"}
{"ts":"2026-09-18T21:11:45.681Z","stage":"source_resolved","base":"Probation Officer Delivers Some Flavorful Fun [xhg9u3I].mp4","full":"D:\\playlist-service\\videos\\Probation Officer Delivers Some Flavorful Fun [xhg9u3I].mp4","exists":true}
{"ts":"2026-09-18T21:11:45.682Z","stage":"trim_started","outputName":"Probation Officer Delivers Some Flavorful Fun [xhg9u3I] [trim 00-09-16_00-15-32].mp4","outputFull":"D:\\playlist-service\\videos\\Probation Officer Delivers Some Flavorful Fun [xhg9u3I] [trim 00-09-16_00-15-32].mp4","ffmpeg":"C:\\Users\\Rick\\AppData\\Local\\Microsoft\\WinGet\\Packages\\yt-dlp.FFmpeg_Microsoft.Winget.Source_8wekyb3d8bbwe\\ffmpeg-N-125875-g5d4d3bdc61-win64-gpl\\bin\\ffmpeg.exe","startSeconds":556,"endSeconds":932}
{"ts":"2026-09-18T21:11:45.683Z","stage":"trim_target_ready","outputName":"Probation Officer Delivers Some Flavorful Fun [xhg9u3I] [trim 00-09-16_00-15-32].mp4","outputFull":"D:\\playlist-service\\videos\\Probation Officer Delivers Some Flavorful Fun [xhg9u3I] [trim 00-09-16_00-15-32].mp4","sourceUsable":true,"outputExists":false,"outputUsable":false}
{"ts":"2026-09-18T21:11:45.684Z","stage":"calling_ffmpeg","source":"D:\\playlist-service\\videos\\Probation Officer Delivers Some Flavorful Fun [xhg9u3I].mp4","output":"D:\\playlist-service\\videos\\Probation Officer Delivers Some Flavorful Fun [xhg9u3I] [trim 00-09-16_00-15-32].mp4","startSeconds":556,"endSeconds":932}
{"ts":"2026-09-18T21:12:23.356Z","stage":"post_trim_validation","outputFull":"D:\\playlist-service\\videos\\Probation Officer Delivers Some Flavorful Fun [xhg9u3I] [trim 00-09-16_00-15-32].mp4","trimmedUsable":true,"outputExists":true,"outputSize":179653523}
{"ts":"2026-09-18T21:12:23.452Z","stage":"saved_to_favorites","playlistName":"Sex","outputName":"Probation Officer Delivers Some Flavorful Fun [xhg9u3I] [trim 00-09-16_00-15-32].mp4","playlistItemsCount":8,"favoritesResponsePlaylists":["2026-07-15","First vids","TeenFidelity","2026-07-16-emily","me and Emily - 20260720","Emily-favs","em-favs","2026-07-31","shorts","preprocess","gangbang","bdsm","Intro","Sex","Oral","Finish"]}
{"ts":"2026-09-18T21:12:23.534Z","stage":"request_received","videoName":"Probation Officer Delivers Some Flavorful Fun [xhg9u3I].mp4","start":"00:15:33","end":"00:19:21","playlistName":"Oral","safePlaylistName":"Oral"}
{"ts":"2026-09-18T21:12:23.535Z","stage":"parsed_times","startSeconds":933,"endSeconds":1161,"start":"00:15:33","end":"00:19:21"}
{"ts":"2026-09-18T21:12:23.535Z","stage":"source_resolved","base":"Probation Officer Delivers Some Flavorful Fun [xhg9u3I].mp4","full":"D:\\playlist-service\\videos\\Probation Officer Delivers Some Flavorful Fun [xhg9u3I].mp4","exists":true}
{"ts":"2026-09-18T21:12:23.537Z","stage":"trim_started","outputName":"Probation Officer Delivers Some Flavorful Fun [xhg9u3I] [trim 00-15-33_00-19-21].mp4","outputFull":"D:\\playlist-service\\videos\\Probation Officer Delivers Some Flavorful Fun [xhg9u3I] [trim 00-15-33_00-19-21].mp4","ffmpeg":"C:\\Users\\Rick\\AppData\\Local\\Microsoft\\WinGet\\Packages\\yt-dlp.FFmpeg_Microsoft.Winget.Source_8wekyb3d8bbwe\\ffmpeg-N-125875-g5d4d3bdc61-win64-gpl\\bin\\ffmpeg.exe","startSeconds":933,"endSeconds":1161}
{"ts":"2026-09-18T21:12:23.537Z","stage":"trim_target_ready","outputName":"Probation Officer Delivers Some Flavorful Fun [xhg9u3I] [trim 00-15-33_00-19-21].mp4","outputFull":"D:\\playlist-service\\videos\\Probation Officer Delivers Some Flavorful Fun [xhg9u3I] [trim 00-15-33_00-19-21].mp4","sourceUsable":true,"outputExists":false,"outputUsable":false}
{"ts":"2026-09-18T21:12:23.538Z","stage":"calling_ffmpeg","source":"D:\\playlist-service\\videos\\Probation Officer Delivers Some Flavorful Fun [xhg9u3I].mp4","output":"D:\\playlist-service\\videos\\Probation Officer Delivers Some Flavorful Fun [xhg9u3I] [trim 00-15-33_00-19-21].mp4","startSeconds":933,"endSeconds":1161}
{"ts":"2026-09-18T21:12:46.534Z","stage":"post_trim_validation","outputFull":"D:\\playlist-service\\videos\\Probation Officer Delivers Some Flavorful Fun [xhg9u3I] [trim 00-15-33_00-19-21].mp4","trimmedUsable":true,"outputExists":true,"outputSize":141902808}
{"ts":"2026-09-18T21:12:46.628Z","stage":"saved_to_favorites","playlistName":"Oral","outputName":"Probation Officer Delivers Some Flavorful Fun [xhg9u3I] [trim 00-15-33_00-19-21].mp4","playlistItemsCount":7,"favoritesResponsePlaylists":["2026-07-15","First vids","TeenFidelity","2026-07-16-emily","me and Emily - 20260720","Emily-favs","em-favs","2026-07-31","shorts","preprocess","gangbang","bdsm","Intro","Sex","Oral","Finish"]}
{"ts":"2026-09-18T21:12:46.672Z","stage":"request_received","videoName":"Probation Officer Delivers Some Flavorful Fun [xhg9u3I].mp4","start":"00:19:23","end":"00:24:26","playlistName":"Sex","safePlaylistName":"Sex"}
{"ts":"2026-09-18T21:12:46.672Z","stage":"parsed_times","startSeconds":1163,"endSeconds":1466,"start":"00:19:23","end":"00:24:26"}
{"ts":"2026-09-18T21:12:46.673Z","stage":"source_resolved","base":"Probation Officer Delivers Some Flavorful Fun [xhg9u3I].mp4","full":"D:\\playlist-service\\videos\\Probation Officer Delivers Some Flavorful Fun [xhg9u3I].mp4","exists":true}
{"ts":"2026-09-18T21:12:46.674Z","stage":"trim_started","outputName":"Probation Officer Delivers Some Flavorful Fun [xhg9u3I] [trim 00-19-23_00-24-26].mp4","outputFull":"D:\\playlist-service\\videos\\Probation Officer Delivers Some Flavorful Fun [xhg9u3I] [trim 00-19-23_00-24-26].mp4","ffmpeg":"C:\\Users\\Rick\\AppData\\Local\\Microsoft\\WinGet\\Packages\\yt-dlp.FFmpeg_Microsoft.Winget.Source_8wekyb3d8bbwe\\ffmpeg-N-125875-g5d4d3bdc61-win64-gpl\\bin\\ffmpeg.exe","startSeconds":1163,"endSeconds":1466}
{"ts":"2026-09-18T21:12:46.675Z","stage":"trim_target_ready","outputName":"Probation Officer Delivers Some Flavorful Fun [xhg9u3I] [trim 00-19-23_00-24-26].mp4","outputFull":"D:\\playlist-service\\videos\\Probation Officer Delivers Some Flavorful Fun [xhg9u3I] [trim 00-19-23_00-24-26].mp4","sourceUsable":true,"outputExists":false,"outputUsable":false}
{"ts":"2026-09-18T21:12:46.675Z","stage":"calling_ffmpeg","source":"D:\\playlist-service\\videos\\Probation Officer Delivers Some Flavorful Fun [xhg9u3I].mp4","output":"D:\\playlist-service\\videos\\Probation Officer Delivers Some Flavorful Fun [xhg9u3I] [trim 00-19-23_00-24-26].mp4","startSeconds":1163,"endSeconds":1466}
{"ts":"2026-09-18T21:13:17.084Z","stage":"post_trim_validation","outputFull":"D:\\playlist-service\\videos\\Probation Officer Delivers Some Flavorful Fun [xhg9u3I] [trim 00-19-23_00-24-26].mp4","trimmedUsable":true,"outputExists":true,"outputSize":146631379}
{"ts":"2026-09-18T21:13:17.173Z","stage":"saved_to_favorites","playlistName":"Sex","outputName":"Probation Officer Delivers Some Flavorful Fun [xhg9u3I] [trim 00-19-23_00-24-26].mp4","playlistItemsCount":9,"favoritesResponsePlaylists":["2026-07-15","First vids","TeenFidelity","2026-07-16-emily","me and Emily - 20260720","Emily-favs","em-favs","2026-07-31","shorts","preprocess","gangbang","bdsm","Intro","Sex","Oral","Finish"]}
{"ts":"2026-09-18T21:13:17.193Z","stage":"request_received","videoName":"Probation Officer Delivers Some Flavorful Fun [xhg9u3I].mp4","start":"00:24:27","end":"00:27:38","playlistName":"ass licking","safePlaylistName":"ass licking"}
{"ts":"2026-09-18T21:13:17.194Z","stage":"parsed_times","startSeconds":1467,"endSeconds":1658,"start":"00:24:27","end":"00:27:38"}
{"ts":"2026-09-18T21:13:17.195Z","stage":"source_resolved","base":"Probation Officer Delivers Some Flavorful Fun [xhg9u3I].mp4","full":"D:\\playlist-service\\videos\\Probation Officer Delivers Some Flavorful Fun [xhg9u3I].mp4","exists":true}
{"ts":"2026-09-18T21:13:17.196Z","stage":"trim_started","outputName":"Probation Officer Delivers Some Flavorful Fun [xhg9u3I] [trim 00-24-27_00-27-38].mp4","outputFull":"D:\\playlist-service\\videos\\Probation Officer Delivers Some Flavorful Fun [xhg9u3I] [trim 00-24-27_00-27-38].mp4","ffmpeg":"C:\\Users\\Rick\\AppData\\Local\\Microsoft\\WinGet\\Packages\\yt-dlp.FFmpeg_Microsoft.Winget.Source_8wekyb3d8bbwe\\ffmpeg-N-125875-g5d4d3bdc61-win64-gpl\\bin\\ffmpeg.exe","startSeconds":1467,"endSeconds":1658}
{"ts":"2026-09-18T21:13:17.197Z","stage":"trim_target_ready","outputName":"Probation Officer Delivers Some Flavorful Fun [xhg9u3I] [trim 00-24-27_00-27-38].mp4","outputFull":"D:\\playlist-service\\videos\\Probation Officer Delivers Some Flavorful Fun [xhg9u3I] [trim 00-24-27_00-27-38].mp4","sourceUsable":true,"outputExists":false,"outputUsable":false}
{"ts":"2026-09-18T21:13:17.197Z","stage":"calling_ffmpeg","source":"D:\\playlist-service\\videos\\Probation Officer Delivers Some Flavorful Fun [xhg9u3I].mp4","output":"D:\\playlist-service\\videos\\Probation Officer Delivers Some Flavorful Fun [xhg9u3I] [trim 00-24-27_00-27-38].mp4","startSeconds":1467,"endSeconds":1658}
{"ts":"2026-09-18T21:13:36.303Z","stage":"post_trim_validation","outputFull":"D:\\playlist-service\\videos\\Probation Officer Delivers Some Flavorful Fun [xhg9u3I] [trim 00-24-27_00-27-38].mp4","trimmedUsable":true,"outputExists":true,"outputSize":116165262}
{"ts":"2026-09-18T21:13:36.395Z","stage":"saved_to_favorites","playlistName":"ass licking","outputName":"Probation Officer Delivers Some Flavorful Fun [xhg9u3I] [trim 00-24-27_00-27-38].mp4","playlistItemsCount":1,"favoritesResponsePlaylists":["2026-07-15","First vids","TeenFidelity","2026-07-16-emily","me and Emily - 20260720","Emily-favs","em-favs","2026-07-31","shorts","preprocess","gangbang","bdsm","Intro","Sex","Oral","Finish","ass licking"]}
{"ts":"2026-09-18T21:13:36.445Z","stage":"request_received","videoName":"Probation Officer Delivers Some Flavorful Fun [xhg9u3I].mp4","start":"00:27:39","end":"00:32:10","playlistName":"Sex","safePlaylistName":"Sex"}
{"ts":"2026-09-18T21:13:36.446Z","stage":"parsed_times","startSeconds":1659,"endSeconds":1930,"start":"00:27:39","end":"00:32:10"}
{"ts":"2026-09-18T21:13:36.447Z","stage":"source_resolved","base":"Probation Officer Delivers Some Flavorful Fun [xhg9u3I].mp4","full":"D:\\playlist-service\\videos\\Probation Officer Delivers Some Flavorful Fun [xhg9u3I].mp4","exists":true}
{"ts":"2026-09-18T21:13:36.448Z","stage":"trim_started","outputName":"Probation Officer Delivers Some Flavorful Fun [xhg9u3I] [trim 00-27-39_00-32-10].mp4","outputFull":"D:\\playlist-service\\videos\\Probation Officer Delivers Some Flavorful Fun [xhg9u3I] [trim 00-27-39_00-32-10].mp4","ffmpeg":"C:\\Users\\Rick\\AppData\\Local\\Microsoft\\WinGet\\Packages\\yt-dlp.FFmpeg_Microsoft.Winget.Source_8wekyb3d8bbwe\\ffmpeg-N-125875-g5d4d3bdc61-win64-gpl\\bin\\ffmpeg.exe","startSeconds":1659,"endSeconds":1930}
{"ts":"2026-09-18T21:13:36.448Z","stage":"trim_target_ready","outputName":"Probation Officer Delivers Some Flavorful Fun [xhg9u3I] [trim 00-27-39_00-32-10].mp4","outputFull":"D:\\playlist-service\\videos\\Probation Officer Delivers Some Flavorful Fun [xhg9u3I] [trim 00-27-39_00-32-10].mp4","sourceUsable":true,"outputExists":false,"outputUsable":false}
{"ts":"2026-09-18T21:13:36.449Z","stage":"calling_ffmpeg","source":"D:\\playlist-service\\videos\\Probation Officer Delivers Some Flavorful Fun [xhg9u3I].mp4","output":"D:\\playlist-service\\videos\\Probation Officer Delivers Some Flavorful Fun [xhg9u3I] [trim 00-27-39_00-32-10].mp4","startSeconds":1659,"endSeconds":1930}
{"ts":"2026-09-18T21:14:03.455Z","stage":"post_trim_validation","outputFull":"D:\\playlist-service\\videos\\Probation Officer Delivers Some Flavorful Fun [xhg9u3I] [trim 00-27-39_00-32-10].mp4","trimmedUsable":true,"outputExists":true,"outputSize":115973299}
{"ts":"2026-09-18T21:14:03.549Z","stage":"saved_to_favorites","playlistName":"Sex","outputName":"Probation Officer Delivers Some Flavorful Fun [xhg9u3I] [trim 00-27-39_00-32-10].mp4","playlistItemsCount":10,"favoritesResponsePlaylists":["2026-07-15","First vids","TeenFidelity","2026-07-16-emily","me and Emily - 20260720","Emily-favs","em-favs","2026-07-31","shorts","preprocess","gangbang","bdsm","Intro","Sex","Oral","Finish","ass licking"]}
{"ts":"2026-09-18T21:14:03.570Z","stage":"request_received","videoName":"Probation Officer Delivers Some Flavorful Fun [xhg9u3I].mp4","start":"00:32:00","end":"00:33:35","playlistName":"Finish","safePlaylistName":"Finish"}
{"ts":"2026-09-18T21:14:03.571Z","stage":"parsed_times","startSeconds":1920,"endSeconds":2015,"start":"00:32:00","end":"00:33:35"}
{"ts":"2026-09-18T21:14:03.572Z","stage":"source_resolved","base":"Probation Officer Delivers Some Flavorful Fun [xhg9u3I].mp4","full":"D:\\playlist-service\\videos\\Probation Officer Delivers Some Flavorful Fun [xhg9u3I].mp4","exists":true}
{"ts":"2026-09-18T21:14:03.573Z","stage":"trim_started","outputName":"Probation Officer Delivers Some Flavorful Fun [xhg9u3I] [trim 00-32-00_00-33-35].mp4","outputFull":"D:\\playlist-service\\videos\\Probation Officer Delivers Some Flavorful Fun [xhg9u3I] [trim 00-32-00_00-33-35].mp4","ffmpeg":"C:\\Users\\Rick\\AppData\\Local\\Microsoft\\WinGet\\Packages\\yt-dlp.FFmpeg_Microsoft.Winget.Source_8wekyb3d8bbwe\\ffmpeg-N-125875-g5d4d3bdc61-win64-gpl\\bin\\ffmpeg.exe","startSeconds":1920,"endSeconds":2015}
{"ts":"2026-09-18T21:14:03.574Z","stage":"trim_target_ready","outputName":"Probation Officer Delivers Some Flavorful Fun [xhg9u3I] [trim 00-32-00_00-33-35].mp4","outputFull":"D:\\playlist-service\\videos\\Probation Officer Delivers Some Flavorful Fun [xhg9u3I] [trim 00-32-00_00-33-35].mp4","sourceUsable":true,"outputExists":false,"outputUsable":false}
{"ts":"2026-09-18T21:14:03.574Z","stage":"calling_ffmpeg","source":"D:\\playlist-service\\videos\\Probation Officer Delivers Some Flavorful Fun [xhg9u3I].mp4","output":"D:\\playlist-service\\videos\\Probation Officer Delivers Some Flavorful Fun [xhg9u3I] [trim 00-32-00_00-33-35].mp4","startSeconds":1920,"endSeconds":2015}
{"ts":"2026-09-18T21:14:13.503Z","stage":"post_trim_validation","outputFull":"D:\\playlist-service\\videos\\Probation Officer Delivers Some Flavorful Fun [xhg9u3I] [trim 00-32-00_00-33-35].mp4","trimmedUsable":true,"outputExists":true,"outputSize":43457566}
{"ts":"2026-09-18T21:14:13.589Z","stage":"saved_to_favorites","playlistName":"Finish","outputName":"Probation Officer Delivers Some Flavorful Fun [xhg9u3I] [trim 00-32-00_00-33-35].mp4","playlistItemsCount":3,"favoritesResponsePlaylists":["2026-07-15","First vids","TeenFidelity","2026-07-16-emily","me and Emily - 20260720","Emily-favs","em-favs","2026-07-31","shorts","preprocess","gangbang","bdsm","Intro","Sex","Oral","Finish","ass licking"]}
